[22;22;23;24;25;27;28;29;38;2;170;170;170;48;2;19;20;28m                             [38;2;170;0;170m                          
[38;2;170;170;170m      ▀▀▀▀  ░░▒████▄    ░░▒██████[38;2;170;0;170m  ░░▒████▄████▌       
[38;2;170;170;170m      ░░▒█  ░▒▒█▀████   ░▒▒█ ▀███[38;2;170;0;170m  ░▒▒██████████       
[38;2;170;170;170m      ░▒▒█  ░▒██ ▐███▌  ░▒██▄▄▄  [38;2;170;0;170m  ░▒███▀██▀████       
[38;2;170;170;170m      ░▒██  ▒▒██ ▐███▌  ▒▒██▀▀▀  [38;2;170;0;170m  ▒▒███ ██ ████       
[38;2;170;170;170m      ▒▒██  ▒███▄████   ▒███ ▄███[38;2;170;0;170m  ▒████ ██ ████       
[38;2;170;170;170m      ▒███  ███████▀    █████████[38;2;170;0;170m  █████ ██ ████       
                                                       
[38;2;255;255;255m▄▄▄▄▄  ▄▄   ▄▄   ▄▄▄    ▄▄▄    ▄▄▄▄     ▄▄ ▄▄▄▄   ▄▄▄▄▄
██▄▄   ███▄███  ██ ██  ██ ▀▀  ██▄▄▄     ██ ██ ██  ██▄▄ 
██▄▄▄  ██ ▀ ██  ██▀██  ▀█▄█▀  ▄▄▄█▀     ██ ██▄█▀  ██▄▄▄
                                                       
[0m